
> astra@0.0.0 build
> vite build

[36mvite v7.3.1 [32mbuilding client environment for production...[36m[39m
transforming...
[32mΓ£ô[39m 5 modules transformed.
node.exe : 
[31mΓ£ù[39m Build 
failed in 184ms
At C:\Program Files\n
odejs\npm.ps1:29 
char:3
+   & $NODE_EXE 
$NPM_CLI_JS $args
+   ~~~~~~~~~~~~~~~~~
~~~~~~~~~~~~
    + CategoryInfo   
           : NotSpe  
  cified: ([31mΓ£   
 ù[39m Build fai    
led in 184ms:Str    
ing) [], RemoteE    
xception
    + FullyQualified 
   ErrorId : Native  
  CommandError
 
[31merror during 
build:
[31m[@tailwindcss/vi
te:generate:build] 
Cannot apply unknown 
utility class 
`bg-ceramic`[31m
file: [36mC:/Users/s
umit/OneDrive/Desktop
/ASTRA/src/index.css
[31m
    at 
onInvalidCandidate (f
ile:///C:/Users/sumit
/OneDrive/Desktop/AST
RA/node_modules/tailw
indcss/dist/chunk-CT4
6QCH7.mjs:21:1511)
    at Ce (file:///C:
/Users/sumit/OneDrive
/Desktop/ASTRA/node_m
odules/tailwindcss/di
st/chunk-CT46QCH7.mjs
:16:36652)
    at file:///C:/Use
rs/sumit/OneDrive/Des
ktop/ASTRA/node_modul
es/tailwindcss/dist/c
hunk-CT46QCH7.mjs:21:
355
    at br (file:///C:
/Users/sumit/OneDrive
/Desktop/ASTRA/node_m
odules/tailwindcss/di
st/chunk-CT46QCH7.mjs
:3:1718)
    at I (file:///C:/
Users/sumit/OneDrive/
Desktop/ASTRA/node_mo
dules/tailwindcss/dis
t/chunk-CT46QCH7.mjs:
3:1377)
    at Ae (file:///C:
/Users/sumit/OneDrive
/Desktop/ASTRA/node_m
odules/tailwindcss/di
st/chunk-CT46QCH7.mjs
:21:172)
    at Wi (file:///C:
/Users/sumit/OneDrive
/Desktop/ASTRA/node_m
odules/tailwindcss/di
st/chunk-CT46QCH7.mjs
:38:294)
    at async Za (file
:///C:/Users/sumit/On
eDrive/Desktop/ASTRA/
node_modules/tailwind
css/dist/chunk-CT46QC
H7.mjs:38:631)
    at async rf (file
:///C:/Users/sumit/On
eDrive/Desktop/ASTRA/
node_modules/tailwind
css/dist/chunk-CT46QC
H7.mjs:38:1406)
    at async lu (file
:///C:/Users/sumit/On
eDrive/Desktop/ASTRA/
node_modules/@tailwin
dcss/node/dist/index.
mjs:10:3458)[39m
